.. _adrv9026 quickstart versal:

VCK190 Quickstart
===============================================================================

.. image:: adrv9026_vck190_quickstart.jpg
   :width: 800px

This guide provides some quick instructions on how to setup the
EVAL-ADRV9026/ADRV9029 on:

- :xilinx:`VCK190`

Instructions on how to build the ZynqMP / MPSoC / Versal ACAP Linux kernel
and devicetrees from source can be found here:

- :dokuwiki:`Building the ZynqMP / MPSoC Linux kernel and devicetrees from source <resources/eval/user-guides/ad-fmcomms2-ebz/software/linux/zynqmp>`
- :dokuwiki:`How to build the ZynqMP boot image BOOT.BIN <resources/tools-software/linux-software/build-the-zynqmp-boot-image>`

Required Software
-------------------------------------------------------------------------------

- SD Card 16GB imaged with Kuiper Linux (see :ref:`kuiper sdcard`)
- Since the Versal support is not part of the latest release you must update
  the BOOT partition of the SDCARD with the latest built files from main
  branches that can be downloaded from here: :download:`Boot files <adrv9026_vck190_boot.tar.gz>`

- A UART terminal (Putty/Tera Term/Minicom, etc.), Baud rate 115200 (8N1).
- System controller image

  - :xilinx:`Image <member/forms/download/design-license-xef.html?filename=sc2.2_01.img.zip>`
  - `BEAM Tool for VCK190 Evaluation Kit <https://xilinx-wiki.atlassian.net/wiki/spaces/A/pages/973078551/BEAM+Tool+for+VCK190+Evaluation+Kit>`_

Required Hardware
-------------------------------------------------------------------------------

- AMD Xilinx :xilinx:`VCK190` Rev A board
- EVAL-ADRV9026/ADRV9029 FMC board.
- USB type-C cable
- Ethernet cables
- Optionally USB keyboard mouse and a Display Port compatible monitor

Testing
-------------------------------------------------------------------------------

.. image:: vck190.jpg
   :width: 900px

- Connect the :adi:`EVAL-ADRV9026/ADRV9029 <EVAL-ADRV9026>` FMC board to the
  FPGA carrier FMC+ FMCP1 socket.
- Connect USB UART J207 (Type-C USB) to your host PC.
- Insert Versal SD card into socket J302.
- Insert System Controller SD card into socket J206.
- Configure ACAP for SD BOOT (mode SW1[4:1] switch in the position
  OFF,OFF,OFF,ON as seen in the below picture).

.. image:: vck190_sw1.jpg
   :width: 200px

- Configure System Controller for SD BOOT (mode SW11[4:1] switch in the
  position OFF,OFF,OFF,ON as seen in the below picture).

.. image:: vck190_sw11.jpg
   :width: 200px

- Connect an Ethernet cable to J307 and also to SYSCTL Ethernet port to access
  Board Evaluation & Management Tool (BEAM).
- Turn on the power switch on the FPGA board.
- Observe kernel and serial console messages on your terminal, both the ACAP
  UART interface and the System controller. (use the first ttyUSB or COM port
  registered for the ACAP UART interface, and try  the other 2 to find the one
  for System Controller)
- On the System Controller console, a BEAM Tool Web Address should be assigned.
  Go to this web address to set VADJ_FMC to 1.5V.
- To change VADJ_FMC On BEAM, click 'Test The Board'>'Board Settings'>'FMC'.
  Then on 'Set VADJ_FMC', select 1.5V and click 'Set'.

.. image:: beam-home.jpg
   :width: 1000px

.. image:: beam-board-settings.jpg
   :width: 1000px

.. image:: beam-set-vadj.jpg
   :width: 1000px

- On the ACAP UART interface console, reboot the system. After reboot,
  adrv9026 devices should be present.

.. note::

   Versal based carriers (vck190) might not boot with released image.

   The problem appears because some revisions of VCK190 or VPK may have the
   date/time set randomly or in 64bit format. To make them boot, it is enough
   to overwrite the date, following next steps:

   - when booting the board, hit any key to go into u-boot menu
   - type mw F12A0000 6613DE3D (this value is hexa of the date from Unix
     Converter webpage)
   - continue booting

.. esd-warning::

ACAP SDcard boot files
-------------------------------------------------------------------------------

The files that need to be present on the sdcard BOOT partition are:

- BOOT.BIN
- Image
- system.dtb
- boot.scr

Copy the BOOT.BIN, boot.scr and system.dtb from the
versal-vck190-reva-ad9026 directory.
Copy the Image from the versal-common directory.

Setting up UART
-------------------------------------------------------------------------------

When setting up the UART make sure you connect to the ACAP UART interface and
not the System controller.

Boot messages
-------------------------------------------------------------------------------

Login Information

- user: analog
- password: analog

Console Output
~~~~~~~~~~~~~~~~~~~~~~~~~~~~~~~~~~~~~~~~~~~~~~~~~~~~~~~~~~~~~~~~~~~~~~~~~~~~~~~

.. collapsible:: Complete boot log

   :: 

      U-Boot 2023.01 (Sep 21 2023 - 11:02:37 +0000)

      CPU:   Versal
      Silicon: v2
      Chip:  v2
      Model: Xilinx Versal vck190 Eval board revA
      DRAM:  2 GiB (effective 16 GiB)
      EL Level:	EL2
      Core:  43 devices, 21 uclasses, devicetree: board
      MMC:   mmc@f1050000: 0
      Loading Environment from FAT... *** Error - No Valid Environment Area found
      *** Warning - bad env area, using default environment

      In:    serial@ff000000
      Out:   serial@ff000000
      Err:   serial@ff000000
      Bootmode: LVL_SHFT_SD_MODE1
      Net:
      ZYNQ GEM: ff0c0000, mdio bus ff0c0000, phyaddr 1, interface rgmii-id

      Warning: ethernet@ff0c0000 (eth0) using random MAC address - 0e:60:df:4c:ce:6c
      eth0: ethernet@ff0c0000Get shared mii bus on ethernet@ff0d0000

      ZYNQ GEM: ff0d0000, mdio bus ff0c0000, phyaddr 2, interface rgmii-id

      Warning: ethernet@ff0d0000 (eth1) using random MAC address - be:2d:af:13:8c:88
      , eth1: ethernet@ff0d0000
      Hit any key to stop autoboot:  0
      switch to partitions #0, OK
      mmc0 is current device
      Scanning mmc 0:1...
      Found U-Boot script /boot.scr
      208 bytes read in 29 ms (6.8 KiB/s)
      ## Executing script at 20000000
      Unknown command 'Load' - try 'help'
      37372416 bytes read in 4705 ms (7.6 MiB/s)
      24737 bytes read in 39 ms (619.1 KiB/s)
      ## Flattened Device Tree blob at 00001000
         Booting using the fdt blob at 0x001000
      Working FDT set to 1000
         Loading Device Tree to 000000007deb5000, end 000000007debe0a0 ... OK
      Working FDT set to 7deb5000

      Starting kernel ...

      [    0.000000] Booting Linux on physical CPU 0x0000000000 [0x410fd083]
      [    0.000000] Linux version 6.6.0-g303c8fd315f6 (adragom2@romlx6) (aarch64-xilinx-linux-gcc.real (GCC) 12.2.0, GNU ld (GNU Binutils) 2.39.0.20220819) #134 SMP Wed Dec 11 14:24:07 EET
       2024
      [    0.000000] Machine model: Analog Devices ADRV9025-VCK190 Rev.A
      [    0.000000] earlycon: pl11 at MMIO32 0x00000000ff000000 (options '115200n8')
      [    0.000000] printk: bootconsole [pl11] enabled
      [    0.000000] efi: UEFI not found.
      [    0.000000] Zone ranges:
      [    0.000000]   DMA      [mem 0x0000000000000000-0x00000000ffffffff]
      [    0.000000]   DMA32    empty
      [    0.000000]   Normal   [mem 0x0000000100000000-0x000000097fffffff]
      [    0.000000] Movable zone start for each node
      [    0.000000] Early memory node ranges
      [    0.000000]   node   0: [mem 0x0000000000000000-0x000000007fffffff]
      [    0.000000]   node   0: [mem 0x0000000800000000-0x000000097fffffff]
      [    0.000000] Initmem setup node 0 [mem 0x0000000000000000-0x000000097fffffff]
      [    0.000000] cma: Reserved 256 MiB at 0x000000006de00000 on node -1
      [    0.000000] psci: probing for conduit method from DT.
      [    0.000000] psci: PSCIv1.1 detected in firmware.
      [    0.000000] psci: Using standard PSCI v0.2 function IDs
      [    0.000000] psci: MIGRATE_INFO_TYPE not supported.
      [    0.000000] psci: SMC Calling Convention v1.2
      [    0.000000] percpu: Embedded 18 pages/cpu s36840 r8192 d28696 u73728
      [    0.000000] Detected PIPT I-cache on CPU0
      [    0.000000] CPU features: detected: GIC system register CPU interface
      [    0.000000] CPU features: detected: Spectre-v2
      [    0.000000] CPU features: detected: Spectre-BHB
      [    0.000000] CPU features: detected: ARM erratum 1742098
      [    0.000000] CPU features: detected: ARM errata 1165522, 1319367, or 1530923
      [    0.000000] alternatives: applying boot alternatives
      [    0.000000] Kernel command line: console=ttyAMA0 earlycon=pl011,mmio32,0xFF000000,115200n8 clk_ignore_unused root=/dev/mmcblk0p2 rw rootfstype=ext4 rootwait
      [    0.000000] Dentry cache hash table entries: 1048576 (order: 11, 8388608 bytes, linear)
      [    0.000000] Inode-cache hash table entries: 524288 (order: 10, 4194304 bytes, linear)
      [    0.000000] Built 1 zonelists, mobility grouping on.  Total pages: 2064384
      [    0.000000] mem auto-init: stack:all(zero), heap alloc:off, heap free:off
      [    0.000000] software IO TLB: area num 2.
      [    0.000000] software IO TLB: mapped [mem 0x0000000069e00000-0x000000006de00000] (64MB)
      [    0.000000] Memory: 7862832K/8388608K available (18112K kernel code, 1808K rwdata, 13104K rodata, 3328K init, 729K bss, 263632K reserved, 262144K cma-reserved)
      [    0.000000] SLUB: HWalign=64, Order=0-3, MinObjects=0, CPUs=2, Nodes=1
      [    0.000000] rcu: Hierarchical RCU implementation.
      [    0.000000] rcu: 	RCU restricting CPUs from NR_CPUS=4 to nr_cpu_ids=2.
      [    0.000000] rcu: RCU calculated value of scheduler-enlistment delay is 25 jiffies.
      [    0.000000] rcu: Adjusting geometry for rcu_fanout_leaf=16, nr_cpu_ids=2
      [    0.000000] NR_IRQS: 64, nr_irqs: 64, preallocated irqs: 0
      [    0.000000] GICv3: GIC: Using split EOI/Deactivate mode
      [    0.000000] GICv3: 160 SPIs implemented
      [    0.000000] GICv3: 0 Extended SPIs implemented
      [    0.000000] Root IRQ handler: gic_handle_irq
      [    0.000000] GICv3: GICv3 features: 16 PPIs
      [    0.000000] GICv3: CPU0: found redistributor 0 region 0:0x00000000f9080000
      [    0.000000] ITS: No ITS available, not enabling LPIs
      [    0.000000] rcu: srcu_init: Setting srcu_struct sizes based on contention.
      [    0.000000] arch_timer: cp15 timer(s) running at 100.00MHz (phys).
      [    0.000000] clocksource: arch_sys_counter: mask: 0x1ffffffffffffff max_cycles: 0x171024e7e0, max_idle_ns: 440795205315 ns
      [    0.000000] sched_clock: 57 bits at 100MHz, resolution 10ns, wraps every 4398046511100ns
      [    0.008280] Console: colour dummy device 80x25
      [    0.012773] Calibrating delay loop (skipped), value calculated using timer frequency.. 200.00 BogoMIPS (lpj=400000)
      [    0.023298] pid_max: default: 32768 minimum: 301
      [    0.028015] Mount-cache hash table entries: 16384 (order: 5, 131072 bytes, linear)
      [    0.035667] Mountpoint-cache hash table entries: 16384 (order: 5, 131072 bytes, linear)
      [    0.044071] cacheinfo: Unable to detect cache hierarchy for CPU 0
      [    0.050652] rcu: Hierarchical SRCU implementation.
      [    0.055481] rcu: 	Max phase no-delay instances is 1000.
      [    0.060928] EFI services will not be available.
      [    0.065583] smp: Bringing up secondary CPUs ...
      [    0.093194] Detected PIPT I-cache on CPU1
      [    0.093225] GICv3: CPU1: found redistributor 1 region 0:0x00000000f90a0000
      [    0.093243] CPU1: Booted secondary processor 0x0000000001 [0x410fd083]
      [    0.093293] smp: Brought up 1 node, 2 CPUs
      [    0.114956] SMP: Total of 2 processors activated.
      [    0.119696] CPU features: detected: 32-bit EL0 Support
      [    0.124873] CPU features: detected: CRC32 instructions
      [    0.130093] CPU: All CPU(s) started at EL2
      [    0.134223] alternatives: applying system-wide alternatives
      [    0.140719] devtmpfs: initialized
      [    0.147101] clocksource: jiffies: mask: 0xffffffff max_cycles: 0xffffffff, max_idle_ns: 7645041785100000 ns
      [    0.156939] futex hash table entries: 512 (order: 3, 32768 bytes, linear)
      [    0.165748] DMI not present or invalid.
      [    0.169955] NET: Registered PF_NETLINK/PF_ROUTE protocol family
      [    0.176328] DMA: preallocated 1024 KiB GFP_KERNEL pool for atomic allocations
      [    0.183646] DMA: preallocated 1024 KiB GFP_KERNEL|GFP_DMA pool for atomic allocations
      [    0.191712] DMA: preallocated 1024 KiB GFP_KERNEL|GFP_DMA32 pool for atomic allocations
      [    0.199807] audit: initializing netlink subsys (disabled)
      [    0.205321] audit: type=2000 audit(0.136:1): state=initialized audit_enabled=0 res=1
      [    0.213138] cpuidle: using governor menu
      [    0.217142] hw-breakpoint: found 6 breakpoint and 4 watchpoint registers.
      [    0.224006] ASID allocator initialised with 65536 entries
      [    0.229533] Serial: AMBA PL011 UART driver
      [    0.235458] platform axi: Fixed dependency cycle(s) with /axi/interrupt-controller@f9000000
      [    0.247148] Modules: 23456 pages in range for non-PLT usage
      [    0.247152] Modules: 514976 pages in range for PLT usage
      [    0.253111] HugeTLB: registered 1.00 GiB page size, pre-allocated 0 pages
      [    0.265305] HugeTLB: 0 KiB vmemmap can be freed for a 1.00 GiB page
      [    0.271622] HugeTLB: registered 32.0 MiB page size, pre-allocated 0 pages
      [    0.278464] HugeTLB: 0 KiB vmemmap can be freed for a 32.0 MiB page
      [    0.284776] HugeTLB: registered 2.00 MiB page size, pre-allocated 0 pages
      [    0.291616] HugeTLB: 0 KiB vmemmap can be freed for a 2.00 MiB page
      [    0.297928] HugeTLB: registered 64.0 KiB page size, pre-allocated 0 pages
      [    0.304773] HugeTLB: 0 KiB vmemmap can be freed for a 64.0 KiB page
      [    0.379124] raid6: neonx8   gen()  4174 MB/s
      [    0.451460] raid6: neonx4   gen()  4076 MB/s
      [    0.523799] raid6: neonx2   gen()  3389 MB/s
      [    0.596134] raid6: neonx1   gen()  2440 MB/s
      [    0.668475] raid6: int64x8  gen()  2340 MB/s
      [    0.740813] raid6: int64x4  gen()  2284 MB/s
      [    0.813150] raid6: int64x2  gen()  2215 MB/s
      [    0.885493] raid6: int64x1  gen()  1692 MB/s
      [    0.889792] raid6: using algorithm neonx8 gen() 4174 MB/s
      [    0.963268] raid6: .... xor() 3010 MB/s, rmw enabled
      [    0.968265] raid6: using neon recovery algorithm
      [    0.973148] iommu: Default domain type: Translated
      [    0.977981] iommu: DMA domain TLB invalidation policy: strict mode
      [    0.984318] SCSI subsystem initialized
      [    0.988191] usbcore: registered new interface driver usbfs
      [    0.993738] usbcore: registered new interface driver hub
      [    0.999106] usbcore: registered new device driver usb
      [    1.004291] mc: Linux media interface: v0.10
      [    1.008616] videodev: Linux video capture interface: v2.00
      [    1.014166] pps_core: LinuxPPS API ver. 1 registered
      [    1.019168] pps_core: Software ver. 5.3.6 - Copyright 2005-2007 Rodolfo Giometti <giometti@linux.it>
      [    1.028380] PTP clock support registered
      [    1.032342] EDAC MC: Ver: 3.0.0
      [    1.035822] jesd204: created con: id=0, topo=0, link=0, /axi/spi@ff040000/ad9528-1@1 <-> /fpga-axi@0/axi-jesd204-tx@a4a90000
      [    1.047154] jesd204: created con: id=1, topo=0, link=2, /axi/spi@ff040000/ad9528-1@1 <-> /fpga-axi@0/axi-jesd204-rx@a4aa0000
      [    1.058476] jesd204: created con: id=2, topo=0, link=0, /fpga-axi@0/axi-jesd204-tx@a4a90000 <-> /fpga-axi@0/axi-adrv9025-tx-hpc@a4a04000
      [    1.070849] jesd204: created con: id=3, topo=0, link=2, /fpga-axi@0/axi-jesd204-rx@a4aa0000 <-> /axi/spi@ff040000/adrv9025-phy@0
      [    1.082517] jesd204: created con: id=4, topo=0, link=0, /fpga-axi@0/axi-adrv9025-tx-hpc@a4a04000 <-> /axi/spi@ff040000/adrv9025-phy@0
      [    1.094632] jesd204: /axi/spi@ff040000/adrv9025-phy@0: JESD204[0:0] transition uninitialized -> initialized
      [    1.104459] jesd204: /axi/spi@ff040000/adrv9025-phy@0: JESD204[0:2] transition uninitialized -> initialized
      [    1.114289] jesd204: found 5 devices and 1 topologies
      [    1.119395] FPGA manager framework
      [    1.122910] Advanced Linux Sound Architecture Driver Initialized.
      [    1.129372] Bluetooth: Core ver 2.22
      [    1.132984] NET: Registered PF_BLUETOOTH protocol family
      [    1.138336] Bluetooth: HCI device and connection manager initialized
      [    1.144742] Bluetooth: HCI socket layer initialized
      [    1.149653] Bluetooth: L2CAP socket layer initialized
      [    1.154745] Bluetooth: SCO socket layer initialized
      [    1.159910] vgaarb: loaded
      [    1.162775] clocksource: Switched to clocksource arch_sys_counter
      [    1.169021] VFS: Disk quotas dquot_6.6.0
      [    1.172989] VFS: Dquot-cache hash table entries: 512 (order 0, 4096 bytes)
      [    1.183503] NET: Registered PF_INET protocol family
      [    1.188618] IP idents hash table entries: 131072 (order: 8, 1048576 bytes, linear)
      [    1.199786] tcp_listen_portaddr_hash hash table entries: 4096 (order: 4, 65536 bytes, linear)
      [    1.208426] Table-perturb hash table entries: 65536 (order: 6, 262144 bytes, linear)
      [    1.216239] TCP established hash table entries: 65536 (order: 7, 524288 bytes, linear)
      [    1.224513] TCP bind hash table entries: 65536 (order: 9, 2097152 bytes, linear)
      [    1.233061] TCP: Hash tables configured (established 65536 bind 65536)
      [    1.239709] UDP hash table entries: 4096 (order: 5, 131072 bytes, linear)
      [    1.246674] UDP-Lite hash table entries: 4096 (order: 5, 131072 bytes, linear)
      [    1.254143] NET: Registered PF_UNIX/PF_LOCAL protocol family
      [    1.260121] RPC: Registered named UNIX socket transport module.
      [    1.266094] RPC: Registered udp transport module.
      [    1.270838] RPC: Registered tcp transport module.
      [    1.275575] RPC: Registered tcp-with-tls transport module.
      [    1.281098] RPC: Registered tcp NFSv4.1 backchannel transport module.
      [    1.288035] PCI: CLS 0 bytes, default 64
      [    1.292568] Initialise system trusted keyrings
      [    1.297132] workingset: timestamp_bits=62 max_order=21 bucket_order=0
      [    1.303951] NFS: Registering the id_resolver key type
      [    1.309077] Key type id_resolver registered
      [    1.313299] Key type id_legacy registered
      [    1.317348] nfs4filelayout_init: NFSv4 File Layout Driver Registering...
      [    1.324104] nfs4flexfilelayout_init: NFSv4 Flexfile Layout Driver Registering...
      [    1.331573] jffs2: version 2.2. (NAND) (SUMMARY)  © 2001-2006 Red Hat, Inc.
      [    1.338727] fuse: init (API version 7.39)
      [    1.362417] NET: Registered PF_ALG protocol family
      [    1.367252] xor: measuring software checksum speed
      [    1.373538]    8regs           :  6753 MB/sec
      [    1.379280]    32regs          :  7304 MB/sec
      [    1.385313]    arm64_neon      :  5978 MB/sec
      [    1.389701] xor: using function: 32regs (7304 MB/sec)
      [    1.394789] Key type asymmetric registered
      [    1.398917] Asymmetric key parser 'x509' registered
      [    1.403857] Block layer SCSI generic (bsg) driver version 0.4 loaded (major 245)
      [    1.411312] io scheduler mq-deadline registered
      [    1.415877] io scheduler kyber registered
      [    1.419927] io scheduler bfq registered
      [    1.447650] Serial: 8250/16550 driver, 4 ports, IRQ sharing disabled
      [    1.454882] Serial: AMBA driver
      [    1.461525] brd: module loaded
      [    1.466634] loop: module loaded
      [    1.470199] mtdoops: mtd device (mtddev=name/number) must be supplied
      [    1.478864] tun: Universal TUN/TAP device driver, 1.6
      [    1.484053] CAN device driver interface
      [    1.488233] SPI driver wl1271_spi has no spi_device_id for ti,wl1271
      [    1.494640] SPI driver wl1271_spi has no spi_device_id for ti,wl1273
      [    1.501044] SPI driver wl1271_spi has no spi_device_id for ti,wl1281
      [    1.507453] SPI driver wl1271_spi has no spi_device_id for ti,wl1283
      [    1.513855] SPI driver wl1271_spi has no spi_device_id for ti,wl1285
      [    1.520259] SPI driver wl1271_spi has no spi_device_id for ti,wl1801
      [    1.526662] SPI driver wl1271_spi has no spi_device_id for ti,wl1805
      [    1.533063] SPI driver wl1271_spi has no spi_device_id for ti,wl1807
      [    1.539469] SPI driver wl1271_spi has no spi_device_id for ti,wl1831
      [    1.545872] SPI driver wl1271_spi has no spi_device_id for ti,wl1835
      [    1.552269] SPI driver wl1271_spi has no spi_device_id for ti,wl1837
      [    1.558737] usbcore: registered new interface driver asix
      [    1.564189] usbcore: registered new interface driver ax88179_178a
      [    1.570344] usbcore: registered new interface driver cdc_ether
      [    1.576237] usbcore: registered new interface driver net1080
      [    1.581953] usbcore: registered new interface driver cdc_subset
      [    1.587928] usbcore: registered new interface driver zaurus
      [    1.593564] usbcore: registered new interface driver cdc_ncm
      [    1.599279] usbcore: registered new interface driver r8153_ecm
      [    1.605607] usbcore: registered new interface driver uas
      [    1.610976] usbcore: registered new interface driver usb-storage
      [    1.617068] usbcore: registered new interface driver usbserial_generic
      [    1.623666] usbserial: USB Serial support registered for generic
      [    1.629732] usbcore: registered new interface driver ftdi_sio
      [    1.635532] usbserial: USB Serial support registered for FTDI USB Serial Device
      [    1.642909] usbcore: registered new interface driver upd78f0730
      [    1.648885] usbserial: USB Serial support registered for upd78f0730
      [    1.655633] SPI driver ads7846 has no spi_device_id for ti,tsc2046
      [    1.661873] SPI driver ads7846 has no spi_device_id for ti,ads7843
      [    1.668102] SPI driver ads7846 has no spi_device_id for ti,ads7845
      [    1.674329] SPI driver ads7846 has no spi_device_id for ti,ads7873
      [    1.680649] i2c_dev: i2c /dev entries driver
      [    1.685244] usbcore: registered new interface driver uvcvideo
      [    1.691681] Bluetooth: HCI UART driver ver 2.3
      [    1.696163] Bluetooth: HCI UART protocol H4 registered
      [    1.701340] Bluetooth: HCI UART protocol BCSP registered
      [    1.706703] Bluetooth: HCI UART protocol LL registered
      [    1.711877] Bluetooth: HCI UART protocol ATH3K registered
      [    1.717336] Bluetooth: HCI UART protocol Three-wire (H5) registered
      [    1.723676] Bluetooth: HCI UART protocol Intel registered
      [    1.729129] Bluetooth: HCI UART protocol QCA registered
      [    1.734412] usbcore: registered new interface driver bcm203x
      [    1.740129] usbcore: registered new interface driver bpa10x
      [    1.745758] usbcore: registered new interface driver bfusb
      [    1.751305] usbcore: registered new interface driver btusb
      [    1.756852] usbcore: registered new interface driver ath3k
      [    1.762596] sdhci: Secure Digital Host Controller Interface driver
      [    1.768834] sdhci: Copyright(c) Pierre Ossman
      [    1.773227] sdhci-pltfm: SDHCI platform and OF driver helper
      [    1.779125] ledtrig-cpu: registered to indicate activity on CPUs
      [    1.785228] SMCCC: SOC_ID: ID = jep106:0049:0000 Revision = 0x00000000
      [    1.791888] zynqmp_firmware_probe Platform Management API v1.0
      [    1.797822] zynqmp_firmware_probe Trustzone version v1.0
      [    1.803596] xlnx_event_manager xlnx_event_manager: SGI 15 Registered over TF-A
      [    1.810892] xlnx_event_manager xlnx_event_manager: Xilinx Event Management driver probed
      [    1.866876] zynqmp-aes zynqmp-aes.0: will run requests pump with realtime priority
      [    1.874642] zynqmp_rsa zynqmp_rsa.0: RSA is not supported on the platform
      [    1.881736] usbcore: registered new interface driver usbhid
      [    1.887355] usbhid: USB HID core driver
      [    1.891305] SPI driver fb_seps525 has no spi_device_id for syncoam,seps525
      [    1.901850] ARM CCI_500 PMU driver probed
      [    1.901959] axi_sysid a5000000.axi-sysid-0: AXI System ID core version (1.01.a) found
      [    1.914213] axi_sysid a5000000.axi-sysid-0: [adrv9026] [8B10B RX:RATE=9.83 M=8 L=4 S=1 LINKS=1 TX:RATE=9.83 M=8 L=4 S=1 LINKS=1] on [vck190] git branch <main> git <c9e9fcdff39b1940
      8960e8fe9cc7cb479853c666> clean [2024-12-07 14:39:46] UTC
      [    1.935695] fpga_manager fpga0: Xilinx Versal FPGA Manager registered
      [    1.942459] usbcore: registered new interface driver snd-usb-audio
      [    1.949712] pktgen: Packet Generator for packet performance testing. Version: 2.75
      [    1.958288] Initializing XFRM netlink socket
      [    1.962627] NET: Registered PF_INET6 protocol family
      [    1.968023] Segment Routing with IPv6
      [    1.971741] In-situ OAM (IOAM) with IPv6
      [    1.975752] sit: IPv6, IPv4 and MPLS over IPv4 tunneling driver
      [    1.981969] NET: Registered PF_PACKET protocol family
      [    1.987069] NET: Registered PF_KEY protocol family
      [    1.991983] can: controller area network core
      [    1.996394] NET: Registered PF_CAN protocol family
      [    2.001223] can: raw protocol
      [    2.004209] can: broadcast manager protocol
      [    2.008421] can: netlink gateway - max_hops=1
      [    2.012874] Bluetooth: RFCOMM TTY layer initialized
      [    2.017796] Bluetooth: RFCOMM socket layer initialized
      [    2.022988] Bluetooth: RFCOMM ver 1.11
      [    2.026762] Bluetooth: BNEP (Ethernet Emulation) ver 1.3
      [    2.032119] Bluetooth: BNEP filters: protocol multicast
      [    2.037389] Bluetooth: BNEP socket layer initialized
      [    2.042394] Bluetooth: HIDP (Human Interface Emulation) ver 1.2
      [    2.048359] Bluetooth: HIDP socket layer initialized
      [    2.053500] 9pnet: Installing 9P2000 support
      [    2.057815] NET: Registered PF_IEEE802154 protocol family
      [    2.063274] Key type dns_resolver registered
      [    2.072116] registered taskstats version 1
      [    2.076253] Loading compiled-in X.509 certificates
      [    2.086149] Btrfs loaded, zoned=no, fsverity=no
      [    2.327235] ff000000.serial: ttyAMA0 at MMIO 0xff000000 (irq = 17, base_baud = 0) is a PL011 rev3
      [    2.336212] printk: console [ttyAMA0] enabled
      [    2.336212] printk: console [ttyAMA0] enabled
      [    2.344948] printk: bootconsole [pl11] disabled
      [    2.344948] printk: bootconsole [pl11] disabled
      [    2.354495] of-fpga-region fpga: FPGA Region probed
      [    2.362437] ad9528 spi1.1: supply vcc not found, using dummy regulator
      [    2.392732] jesd204: /axi/spi@ff040000/ad9528-1@1,jesd204:0,parent=spi1.1: Using as SYSREF provider
      [    2.407413] adrv9025 spi1.0: adrv9025 Rev 0, API version: 6.4.0.14 found
      [    2.420200] macb ff0c0000.ethernet eth0: Cadence GEM rev 0x0107010b at 0xff0c0000 irq 35 (0e:60:df:4c:ce:6c)
      [    2.558834] macb ff0d0000.ethernet eth1: Cadence GEM rev 0x0107010b at 0xff0d0000 irq 36 (be:2d:af:13:8c:88)
      [    2.630948] xhci-hcd xhci-hcd.0.auto: xHCI Host Controller
      [    2.636450] xhci-hcd xhci-hcd.0.auto: new USB bus registered, assigned bus number 1
      [    2.644167] xhci-hcd xhci-hcd.0.auto: USB3 root hub has no ports
      [    2.650170] xhci-hcd xhci-hcd.0.auto: hcc params 0x0238fe65 hci version 0x110 quirks 0x0000000000000810
      [    2.659577] xhci-hcd xhci-hcd.0.auto: irq 37, io mem 0xfe200000
      [    2.665620] usb usb1: New USB device found, idVendor=1d6b, idProduct=0002, bcdDevice= 6.06
      [    2.673885] usb usb1: New USB device strings: Mfr=3, Product=2, SerialNumber=1
      [    2.681103] usb usb1: Product: xHCI Host Controller
      [    2.685975] usb usb1: Manufacturer: Linux 6.6.0-g303c8fd315f6 xhci-hcd
      [    2.692502] usb usb1: SerialNumber: xhci-hcd.0.auto
      [    2.697708] hub 1-0:1.0: USB hub found
      [    2.701471] hub 1-0:1.0: 1 port detected
      [    2.706178] rtc_zynqmp f12a0000.rtc: registered as rtc0
      [    2.711420] rtc_zynqmp f12a0000.rtc: setting system clock to 2033-12-10T20:06:27 UTC (2017857987)
      [    2.720735] cdns-i2c ff020000.i2c: 100 kHz mmio ff020000 irq 40
      [    2.727035] cpufreq: cpufreq_online: CPU0: Running at unlisted initial frequency: 1399999 KHz, changing to: 1199999 KHz
      [    2.759120] cf_axi_adc a4a00000.axi-adrv9025-rx-hpc: ADI AIM (10.03.) probed ADC ADRV9025 as MASTER
      [    2.770795] mmc0: SDHCI controller on f1050000.mmc [f1050000.mmc] using ADMA 64-bit
      [    2.787897] cf_axi_dds a4a04000.axi-adrv9025-tx-hpc: Analog Devices CF_AXI_DDS_DDS MASTER (9.02.b) at 0xA4A04000 mapped to 0x(____ptrval____), probed DDS ADRV9025
      [    2.803222] axi-jesd204-rx a4aa0000.axi-jesd204-rx: AXI-JESD204-RX (1.07.a). Encoder 8b10b, width 4/4, lanes 4, jesd204-fsm.
      [    2.815053] jesd204: /axi/spi@ff040000/adrv9025-phy@0,jesd204:1,parent=spi1.0: JESD204[0:0] transition initialized -> probed
      [    2.826314] jesd204: /axi/spi@ff040000/adrv9025-phy@0,jesd204:1,parent=spi1.0: JESD204[0:2] transition initialized -> probed
      [    2.837559] jesd204: /axi/spi@ff040000/adrv9025-phy@0,jesd204:1,parent=spi1.0: JESD204[0:0] transition probed -> initialized
      [    2.848806] jesd204: /axi/spi@ff040000/adrv9025-phy@0,jesd204:1,parent=spi1.0: JESD204[0:2] transition probed -> initialized
      [    2.860050] jesd204: /axi/spi@ff040000/adrv9025-phy@0,jesd204:1,parent=spi1.0: JESD204[0:0] transition initialized -> probed
      [    2.871294] jesd204: /axi/spi@ff040000/adrv9025-phy@0,jesd204:1,parent=spi1.0: JESD204[0:2] transition initialized -> probed
      [    2.882533] jesd204: /axi/spi@ff040000/adrv9025-phy@0,jesd204:1,parent=spi1.0: JESD204[0:0] transition probed -> idle
      [    2.893164] jesd204: /axi/spi@ff040000/adrv9025-phy@0,jesd204:1,parent=spi1.0: JESD204[0:2] transition probed -> idle
      [    2.903799] jesd204: /axi/spi@ff040000/adrv9025-phy@0,jesd204:1,parent=spi1.0: JESD204[0:0] transition idle -> device_init
      [    2.914868] jesd204: /axi/spi@ff040000/adrv9025-phy@0,jesd204:1,parent=spi1.0: JESD204[0:2] transition idle -> device_init
      [    2.925933] jesd204: /axi/spi@ff040000/adrv9025-phy@0,jesd204:1,parent=spi1.0: JESD204[0:0] transition device_init -> link_init
      [    2.937426] jesd204: /axi/spi@ff040000/adrv9025-phy@0,jesd204:1,parent=spi1.0: JESD204[0:2] transition device_init -> link_init
      [    2.948925] jesd204: /axi/spi@ff040000/adrv9025-phy@0,jesd204:1,parent=spi1.0: JESD204[0:0] transition link_init -> link_supported
      [    2.960684] jesd204: /axi/spi@ff040000/adrv9025-phy@0,jesd204:1,parent=spi1.0: JESD204[0:2] transition link_init -> link_supported
      [    2.979033] jesd204: /axi/spi@ff040000/adrv9025-phy@0,jesd204:1,parent=spi1.0: JESD204[0:0] transition link_supported -> link_pre_setup
      [    2.991263] jesd204: /axi/spi@ff040000/adrv9025-phy@0,jesd204:1,parent=spi1.0: JESD204[0:2] transition link_supported -> link_pre_setup
      [    3.009064] mmc0: new high speed SDHC card at address aaaa
      [    3.015101] mmcblk0: mmc0:aaaa SC32G 29.7 GiB
      [    3.019959] jesd204: /axi/spi@ff040000/adrv9025-phy@0,jesd204:1,parent=spi1.0: JESD204[0:0] transition link_pre_setup -> clk_sync_stage1
      [    3.032261] jesd204: /axi/spi@ff040000/adrv9025-phy@0,jesd204:1,parent=spi1.0: JESD204[0:2] transition link_pre_setup -> clk_sync_stage1
      [    3.044544] jesd204: /axi/spi@ff040000/adrv9025-phy@0,jesd204:1,parent=spi1.0: JESD204[0:0] transition clk_sync_stage1 -> clk_sync_stage2
      [    3.056906] jesd204: /axi/spi@ff040000/adrv9025-phy@0,jesd204:1,parent=spi1.0: JESD204[0:2] transition clk_sync_stage1 -> clk_sync_stage2
      [    3.069267] jesd204: /axi/spi@ff040000/adrv9025-phy@0,jesd204:1,parent=spi1.0: JESD204[0:0] transition clk_sync_stage2 -> clk_sync_stage3
      [    3.081633] jesd204: /axi/spi@ff040000/adrv9025-phy@0,jesd204:1,parent=spi1.0: JESD204[0:2] transition clk_sync_stage2 -> clk_sync_stage3
      [    3.098046]  mmcblk0: p1 p2 p3
      [    4.050798] random: crng init done
      [    8.140716] jesd204: /axi/spi@ff040000/adrv9025-phy@0,jesd204:1,parent=spi1.0: JESD204[0:0] transition clk_sync_stage3 -> link_setup
      [    8.152667] jesd204: /axi/spi@ff040000/adrv9025-phy@0,jesd204:1,parent=spi1.0: JESD204[0:2] transition clk_sync_stage3 -> link_setup
      [    8.165403] jesd204: /axi/spi@ff040000/adrv9025-phy@0,jesd204:1,parent=spi1.0: JESD204[0:0] transition link_setup -> opt_setup_stage1
      [    8.177430] jesd204: /axi/spi@ff040000/adrv9025-phy@0,jesd204:1,parent=spi1.0: JESD204[0:2] transition link_setup -> opt_setup_stage1
      [   19.146139] jesd204: /axi/spi@ff040000/adrv9025-phy@0,jesd204:1,parent=spi1.0: JESD204[0:0] transition opt_setup_stage1 -> opt_setup_stage2
      [   19.158686] jesd204: /axi/spi@ff040000/adrv9025-phy@0,jesd204:1,parent=spi1.0: JESD204[0:2] transition opt_setup_stage1 -> opt_setup_stage2
      [   19.171587] jesd204: /axi/spi@ff040000/adrv9025-phy@0,jesd204:1,parent=spi1.0: JESD204[0:0] transition opt_setup_stage2 -> opt_setup_stage3
      [   19.184130] jesd204: /axi/spi@ff040000/adrv9025-phy@0,jesd204:1,parent=spi1.0: JESD204[0:2] transition opt_setup_stage2 -> opt_setup_stage3
      [   19.196669] jesd204: /axi/spi@ff040000/adrv9025-phy@0,jesd204:1,parent=spi1.0: JESD204[0:0] transition opt_setup_stage3 -> opt_setup_stage4
      [   19.209207] jesd204: /axi/spi@ff040000/adrv9025-phy@0,jesd204:1,parent=spi1.0: JESD204[0:2] transition opt_setup_stage3 -> opt_setup_stage4
      [   19.221744] jesd204: /axi/spi@ff040000/adrv9025-phy@0,jesd204:1,parent=spi1.0: JESD204[0:0] transition opt_setup_stage4 -> opt_setup_stage5
      [   19.234277] jesd204: /axi/spi@ff040000/adrv9025-phy@0,jesd204:1,parent=spi1.0: JESD204[0:2] transition opt_setup_stage4 -> opt_setup_stage5
      [   19.305477] jesd204: /axi/spi@ff040000/adrv9025-phy@0,jesd204:1,parent=spi1.0: JESD204[0:0] transition opt_setup_stage5 -> clocks_enable
      [   19.317769] jesd204: /axi/spi@ff040000/adrv9025-phy@0,jesd204:1,parent=spi1.0: JESD204[0:2] transition opt_setup_stage5 -> clocks_enable
      [   19.389402] jesd204: /axi/spi@ff040000/adrv9025-phy@0,jesd204:1,parent=spi1.0: JESD204[0:0] transition clocks_enable -> link_enable
      [   19.401251] jesd204: /axi/spi@ff040000/adrv9025-phy@0,jesd204:1,parent=spi1.0: JESD204[0:2] transition clocks_enable -> link_enable
      [   19.436194] jesd204: /axi/spi@ff040000/adrv9025-phy@0,jesd204:1,parent=spi1.0: JESD204[0:0] transition link_enable -> link_running
      [   19.447957] jesd204: /axi/spi@ff040000/adrv9025-phy@0,jesd204:1,parent=spi1.0: JESD204[0:2] transition link_enable -> link_running
      [   19.486492] adrv9025 spi1.0: adrv9025 Rev 176, Firmware 6.4.0.6 API version: 6.4.0.14 Stream version: 9.4.0.1 successfully initialized via jesd204-fsm
      [   19.499988] jesd204: /axi/spi@ff040000/adrv9025-phy@0,jesd204:1,parent=spi1.0: JESD204[0:0] transition link_running -> opt_post_running_stage
      [   19.512697] jesd204: /axi/spi@ff040000/adrv9025-phy@0,jesd204:1,parent=spi1.0: JESD204[0:2] transition link_running -> opt_post_running_stage
      [   19.525414] axi-jesd204-tx a4a90000.axi-jesd204-tx: AXI-JESD204-TX (1.06.a). Encoder 8b10b, width 4/4, lanes 4, jesd204-fsm.
      [   19.539824] of_cfs_init
      [   19.542289] of_cfs_init: OK
      [   19.545142] cfg80211: Loading compiled-in X.509 certificates for regulatory database
      [   19.592164] Loaded X.509 cert 'sforshee: 00b28ddf47aef9cea7'
      [   19.597885] clk: Not disabling unused clocks
      [   19.602538] ALSA device list:
      [   19.605514]   No soundcards found.
      [   19.609258] platform regulatory.0: Direct firmware load for regulatory.db failed with error -2
      [   19.617892] cfg80211: failed to load regulatory.db
      [   19.622695] uart-pl011 ff000000.serial: no DMA platform data
      [   19.654416] EXT4-fs (mmcblk0p2): mounted filesystem 877c85c9-002c-4fca-aec1-69971287a3eb r/w with ordered data mode. Quota mode: none.
      [   19.666556] VFS: Mounted root (ext4 filesystem) on device 179:2.
      [   19.682518] devtmpfs: mounted
      [   19.686827] Freeing unused kernel memory: 3328K
      [   19.691463] Run /sbin/init as init process
      [   20.214570] systemd[1]: Failed to look up module alias 'autofs4': Function not implemented
      [   20.252680] systemd[1]: systemd 247.3-7+rpi1+deb11u5 running in system mode. (+PAM +AUDIT +SELINUX +IMA +APPARMOR +SMACK +SYSVINIT +UTMP +LIBCRYPTSETUP +GCRYPT +GNUTLS +ACL +XZ +LZ
      4 +ZSTD +SECCOMP +BLKID +ELFUTILS +KMOD +IDN2 -IDN +PCRE2 default-hierarchy=unified)
      [   20.276626] systemd[1]: Detected architecture arm64.

      Welcome to Kuiper GNU/Linux 11.2 (bullseye)!

      [   20.313599] systemd[1]: Set hostname to <analog>.
      [   20.374997] systemd[1]: memfd_create() called without MFD_EXEC or MFD_NOEXEC_SEAL set
      [   21.762453] systemd[1]: /lib/systemd/system/plymouth-start.service:16: Unit configured to use KillMode=none. This is unsafe, as it disables systemd's process lifecycle management f
      or the service. Please update your service to use a safer KillMode=, such as 'mixed' or 'control-group'. Support for KillMode=none is deprecated and will eventually be removed.
      [   21.917149] systemd[1]: /lib/systemd/system/iiod.service:14: Invalid environment assignment, ignoring: $IIOD_EXTRA_OPTS=
      [   22.018855] systemd[1]: Queued start job for default target Graphical Interface.
      [   22.027812] systemd[1]: system-getty.slice: unit configures an IP firewall, but the local system does not support BPF/cgroup firewalling.
      [   22.040222] systemd[1]: (This warning is only shown for the first unit using IP firewalling.)
      [   22.049444] systemd[1]: Created slice system-getty.slice.
      [  OK  ] Created slice system-getty.slice.
      [   22.071450] systemd[1]: Created slice system-modprobe.slice.
      [  OK  ] Created slice system-modprobe.slice.
      [   22.091384] systemd[1]: Created slice system-serial\x2dgetty.slice.
      [  OK  ] Created slice system-serial\x2dgetty.slice.
      [   22.111352] systemd[1]: Created slice system-systemd\x2dfsck.slice.
      [  OK  ] Created slice system-systemd\x2dfsck.slice.
      [   22.131214] systemd[1]: Created slice User and Session Slice.
      [  OK  ] Created slice User and Session Slice.
      [   22.151242] systemd[1]: Started Forward Password Requests to Wall Directory Watch.
      [  OK  ] Started Forward Password R…uests to Wall Directory Watch.
      [   22.175176] systemd[1]: Condition check resulted in Arbitrary Executable File Formats File System Automount Point being skipped.
      [   22.187737] systemd[1]: Reached target Slices.
      [  OK  ] Reached target Slices.
      [   22.207043] systemd[1]: Reached target Swap.
      [  OK  ] Reached target Swap.
      [   22.223961] systemd[1]: Listening on Syslog Socket.
      [  OK  ] Listening on Syslog Socket.
      [   22.243484] systemd[1]: Listening on fsck to fsckd communication Socket.
      [  OK  ] Listening on fsck to fsckd communication Socket.
      [   22.267179] systemd[1]: Listening on initctl Compatibility Named Pipe.
      [  OK  ] Listening on initctl Compatibility Named Pipe.
      [   22.287728] systemd[1]: Listening on Journal Audit Socket.
      [  OK  ] Listening on Journal Audit Socket.
      [   22.307422] systemd[1]: Listening on Journal Socket (/dev/log).
      [  OK  ] Listening on Journal Socket (/dev/log).
      [   22.327467] systemd[1]: Listening on Journal Socket.
      [  OK  ] Listening on Journal Socket.
      [   22.355927] systemd[1]: Listening on udev Control Socket.
      [  OK  ] Listening on udev Control Socket.
      [   22.375379] systemd[1]: Listening on udev Kernel Socket.
      [  OK  ] Listening on udev Kernel Socket.
      [   22.411045] systemd[1]: Mounting Huge Pages File System...
               Mounting Huge Pages File System...
      [   22.433142] systemd[1]: Mounting POSIX Message Queue File System...
               Mounting POSIX Message Queue File System...
      [   22.456902] systemd[1]: Mounting RPC Pipe File System...
               Mounting RPC Pipe File System...
      [   22.477345] systemd[1]: Mounting Kernel Debug File System...
               Mounting Kernel Debug File System...
      [   22.495419] systemd[1]: Condition check resulted in Kernel Trace File System being skipped.
      [   22.504210] systemd[1]: Condition check resulted in Kernel Module supporting RPCSEC_GSS being skipped.
      [   22.519083] systemd[1]: Starting Restore / save the current clock...
               Starting Restore / save the current clock...
      [   22.543732] systemd[1]: Starting Set the console keyboard layout...
               Starting Set the console keyboard layout...
      [   22.567352] systemd[1]: Condition check resulted in Create list of static device nodes for the current kernel being skipped.
      [   22.583028] systemd[1]: Starting Load Kernel Module configfs...
               Starting Load Kernel Module configfs...
      [   22.624213] systemd[1]: Starting Load Kernel Module drm...
               Starting Load Kernel Module drm...
      [   22.647387] systemd[1]: Starting Load Kernel Module fuse...
               Starting Load Kernel Module fuse...
      [   22.679059] systemd[1]: Condition check resulted in Set Up Additional Binary Formats being skipped.
      [   22.688418] systemd[1]: Condition check resulted in File System Check on Root Device being skipped.
      [   22.723248] systemd[1]: Starting Journal Service...
               Starting Journal Service...
      [   22.779347] systemd[1]: Starting Load Kernel Modules...
               Starting Load Kernel Modules...
      [   22.809363] systemd[1]: Starting Remount Root and Kernel File Systems...
               Starting Remount Root and Kernel File Systems...
      [   22.847345] systemd[1]: Starting Coldplug All udev Devices...
               Starting Coldplug All udev Devices...
      [   22.885472] systemd[1]: Mounted Huge Pages File System.
      [  OK  ] Mounted Huge Pages File System.
      [   22.916905] systemd[1]: Mounted POSIX Message Queue File System.
      [  OK  ] Mounted POSIX Message Queue File System.
      [   22.947456] systemd[1]: Mounted RPC Pipe File System.
      [  OK  ] Mounted RPC Pipe File System.
      [   22.975330] systemd[1]: Started Journal Service.
      [  OK  ] Started Journal Service.
      [  OK  ] Mounted Kernel Debug File System.
      [  OK  ] Finished Restore / save the current clock.
      [  OK  ] Finished Set the console keyboard layout.
      [  OK  ] Finished Load Kernel Module configfs.
      [  OK  ] Finished Load Kernel Module drm.
      [  OK  ] Finished Load Kernel Module fuse.
      [FAILED] Failed to start Load Kernel Modules.
      [   23.130916] EXT4-fs (mmcblk0p2): re-mounted 877c85c9-002c-4fca-aec1-69971287a3eb r/w. Quota mode: none.
      See 'systemctl status systemd-modules-load.service' for details.
      [  OK  ] Finished Remount Root and Kernel File Systems.
               Mounting FUSE Control File System...
               Mounting Kernel Configuration File System...
               Starting Flush Journal to Persistent Storage...
               Starting Load/Save Random Seed...
      [   23.311968] systemd-journald[202]: Received client request to flush runtime journal.
               Starting Apply Kernel Variables...
               Starting Create System Users...
      [  OK  ] Mounted FUSE Control File System.
      [  OK  ] Mounted Kernel Configuration File System.
      [  OK  ] Finished Apply Kernel Variables.
      [  OK  ] Finished Load/Save Random Seed.
      [  OK  ] Finished Create System Users.
               Starting Create Static Device Nodes in /dev...
      [  OK  ] Finished Coldplug All udev Devices.
      [  OK  ] Finished Create Static Device Nodes in /dev.
      [  OK  ] Reached target Local File Systems (Pre).
               Starting Helper to synchronize boot up for ifupdown...
               Starting Wait for udev To …plete Device Initialization...
               Starting Rule-based Manage…for Device Events and Files...
      [  OK  ] Finished Helper to synchronize boot up for ifupdown.
      [  OK  ] Finished Flush Journal to Persistent Storage.
      [  OK  ] Started Rule-based Manager for Device Events and Files.
               Starting Show Plymouth Boot Screen...
      [  OK  ] Started Show Plymouth Boot Screen.
      [  OK  ] Started Forward Password R…s to Plymouth Directory Watch.
      [  OK  ] Reached target Local Encrypted Volumes.
      [  OK  ] Found device /dev/ttyAMA0.
      [  OK  ] Found device /dev/disk/by-partuuid/432070b5-01.
      [  OK  ] Found device /dev/ttyS0.
      [  OK  ] Finished Wait for udev To Complete Device Initialization.
      [  OK  ] Listening on Load/Save RF …itch Status /dev/rfkill Watch.
               Starting File System Check…isk/by-partuuid/432070b5-01...
      [  OK  ] Started File System Check Daemon to report status.
      [  OK  ] Finished File System Check…/disk/by-partuuid/432070b5-01.
               Mounting /boot...
      [  OK  ] Mounted /boot.
      [  OK  ] Reached target Local File Systems.
               Starting Set console font and keymap...
               Starting Raise network interfaces...
               Starting Preprocess NFS configuration...
               Starting Tell Plymouth To Write Out Runtime Data...
               Starting Create Volatile Files and Directories...
      [  OK  ] Finished Set console font and keymap.
      [  OK  ] Finished Preprocess NFS configuration.
      [  OK  ] Finished Tell Plymouth To Write Out Runtime Data.
      [  OK  ] Reached target NFS client services.
      [  OK  ] Reached target Remote File Systems (Pre).
      [  OK  ] Reached target Remote File Systems.
      [  OK  ] Finished Create Volatile Files and Directories.
               Starting Network Time Synchronization...
               Starting Update UTMP about System Boot/Shutdown...
      [  OK  ] Finished Update UTMP about System Boot/Shutdown.
      [  OK  ] Started Network Time Synchronization.
      [  OK  ] Reached target System Time Set.
      [  OK  ] Reached target System Time Synchronized.
               Starting Load Kernel Modules...
      [  OK  ] Finished Raise network interfaces.
      [FAILED] Failed to start Load Kernel Modules.
      See 'systemctl status systemd-modules-load.service' for details.
      [  OK  ] Reached target System Initialization.
      [  OK  ] Started CUPS Scheduler.
      [  OK  ] Started Daily apt download activities.
      [  OK  ] Started Daily apt upgrade and clean activities.
      [  OK  ] Started Periodic ext4 Onli…ata Check for All Filesystems.
      [  OK  ] Started Discard unused blocks once a week.
      [  OK  ] Started Daily rotation of log files.
      [  OK  ] Started Daily man-db regeneration.
      [  OK  ] Started Daily Cleanup of Temporary Directories.
      [  OK  ] Reached target Paths.
      [  OK  ] Reached target Timers.
      [  OK  ] Listening on Avahi mDNS/DNS-SD Stack Activation Socket.
      [  OK  ] Listening on CUPS Scheduler.
      [  OK  ] Listening on D-Bus System Message Bus Socket.
      [  OK  ] Listening on Erlang Port Mapper Daemon Activation Socket.
      [  OK  ] Listening on GPS (Global P…ioning System) Daemon Sockets.
      [  OK  ] Listening on triggerhappy.socket.
      [  OK  ] Reached target Sockets.
      [  OK  ] Reached target Basic System.
               Starting Analog Devices power up/down sequence...
               Starting Avahi mDNS/DNS-SD Stack...
      [  OK  ] Started Regular background program processing daemon.
      [  OK  ] Started D-Bus System Message Bus.
               Starting dphys-swapfile - …unt, and delete a swap file...
               Starting Remove Stale Onli…t4 Metadata Check Snapshots...
      [  OK  ] Started fan-control.
               Starting Fix DP audio and X11 for Jupiter...
               Starting Creating IIOD Context Attributes......
               Starting Authorization Manager...
               Starting DHCP Client Daemon...
               Starting LSB: Switch to on…nless shift key is pressed)...
               Starting LSB: rng-tools (Debian variant)...
               Starting System Logging Service...
               Starting User Login Management...
               Starting triggerhappy global hotkey daemon...
               Starting Disk Manager...
               Starting WPA supplicant...
               Starting Rotate log files...
               Starting Daily man-db regeneration...
      [  OK  ] Started triggerhappy global hotkey daemon.
      [  OK  ] Started DHCP Client Daemon.
      [  OK  ] Finished Fix DP audio and X11 for Jupiter.
      [  OK  ] Started LSB: Switch to ond…(unless shift key is pressed).
      [  OK  ] Started System Logging Service.
      [  OK  ] Started LSB: rng-tools (Debian variant).
      [  OK  ] Finished dphys-swapfile - …mount, and delete a swap file.
      [  OK  ] Started User Login Management.
      [  OK  ] Started WPA supplicant.
      [  OK  ] Started Avahi mDNS/DNS-SD Stack.
      [  OK  ] Reached target Network.
      [  OK  ] Reached target Network is Online.
               Starting CUPS Scheduler...
      [  OK  ] Started Erlang Port Mapper Daemon.
               Starting HTTP based time synchronization tool...
               Starting Internet superserver...
               Starting /etc/rc.local Compatibility...
               Starting OpenBSD Secure Shell server...
               Starting Permit User Sessions...
      [  OK  ] Started Unattended Upgrades Shutdown.
      [  OK  ] Finished Remove Stale Onli…ext4 Metadata Check Snapshots.
      [  OK  ] Started /etc/rc.local Compatibility.
      [  OK  ] Finished Permit User Sessions.
      [  OK  ] Started Authorization Manager.
               Starting Modem Manager...
               Starting Light Display Manager...
               Starting Hold until boot process finishes up...
      [  OK  ] Started Internet superserver.
      [  OK  ] Started HTTP based time synchronization tool.
      [  OK  ] Started OpenBSD Secure Shell server.
      [  OK  ] Finished Creating IIOD Context Attributes....
      [  OK  ] Started IIO Daemon.
      [  OK  ] Finished Analog Devices power up/down sequence.
               Starting Manage, Install and Generate Color Profiles...
      [  OK  ] Finished Hold until boot process finishes up.
      [FAILED] Failed to start VNC Server for X11.

      Raspbian GNU/Linux 11 analog ttyAMA0

      analog login: root (automatic login)

      Password:

.. shell::

   $iio_info | grep iio:device
    iio:device0: xlnx,versal-sysmon
    iio:device1: ad9528-1
    iio:device2: adrv9025-phy
    iio:device3: axi-adrv9025-rx-hpc (buffer capable)
    iio:device4: axi-adrv9025-tx-hpc (buffer capable)

IIO Oscilloscope Remote
-------------------------------------------------------------------------------

Please see also :ref:`iio-oscilloscope`.

The IIO Oscilloscope application can be used to connect to another platform 
that has a connected device in order to configure the device and read data from
it.

Build and start ``osc`` on a network enabled Linux host.

Once the application is launched go to Settings > Connect and enter the IP
address of the target in the pop-up window.

.. important::

   Even thought this is Linux, this is a persistent file systems. Care should
   be taken not to corrupt the file system -- please shut down things, don't
   just turn off the power switch. Depending on your monitor, the standard
   power off could be hiding. You can do this from the terminal as well with
   :code:`sudo shutdown -h now`
